=== qualify 10K path (u0 -> dept-0 -> role:r000) ===
Error: no edge dept:dept-0 -> role:r000 in graph
Usage:
  aether graph qualify [flags]

Flags:
      --graph string         Graph JSON file (required)
  -h, --help                 help for qualify
      --path string          Comma-separated node IDs (required)
      --risk-threshold int   Risk ceiling (default 60)

Global Flags:
      --config string      Config file path

real	0m0.092s
user	0m0.045s
sys	0m0.015s
=== generate runbook 10K ===
Error: no edge dept:dept-0 -> role:r000 in graph
Usage:
  aether graph generate [flags]

Flags:
      --cae-fallback         Wire CAE claims-handler fallback into auth steps (default true)

real	0m0.093s
user	0m0.046s
sys	0m0.031s
=== qualify nonexistent path (typed error) ===
Error: unknown node "ghost1"
Usage:
  aether graph qualify [flags]
=== malformed input (typed error, no panic) ===
Error: bad.json: parse graph json: invalid character 'N' looking for beginning of value
Usage:
  aether graph build [flags]
=== duplicate records (dedup handled) ===
Error: dup.json: parse graph json: invalid character '{' after top-level value
Usage:
  aether graph build [flags]

Flags:
